// Jest Snapshot v1, https://goo.gl/fbAQLP

exports[`Credit report component should render 1`] = `
ShallowWrapper {
  "length": 1,
  Symbol(enzyme.__root__): ShallowWrapper {
    "length": 1,
    Symbol(enzyme.__root__): [Circular],
    Symbol(enzyme.__unrendered__): <CreditReport
      data={Object {}}
      fetchReportBegin={
        [MockFunction] {
          "calls": Array [
            Array [],
          ],
        }
      }
      getReportData={[MockFunction]}
      hasData={false}
    />,
    Symbol(enzyme.__renderer__): Object {
      "batchedUpdates": [Function],
      "getNode": [Function],
      "render": [Function],
      "simulateEvent": [Function],
      "unmount": [Function],
    },
    Symbol(enzyme.__node__): Object {
      "instance": null,
      "key": undefined,
      "nodeType": "host",
      "props": Object {
        "children": <div
          className="credit-report__loading-spinner"
        >
          Loading
        </div>,
        "className": "credit-report",
      },
      "ref": null,
      "rendered": Object {
        "instance": null,
        "key": undefined,
        "nodeType": "host",
        "props": Object {
          "children": "Loading",
          "className": "credit-report__loading-spinner",
        },
        "ref": null,
        "rendered": "Loading",
        "type": "div",
      },
      "type": "div",
    },
    Symbol(enzyme.__nodes__): Array [
      Object {
        "instance": null,
        "key": undefined,
        "nodeType": "host",
        "props": Object {
          "children": <div
            className="credit-report__loading-spinner"
          >
            Loading
          </div>,
          "className": "credit-report",
        },
        "ref": null,
        "rendered": Object {
          "instance": null,
          "key": undefined,
          "nodeType": "host",
          "props": Object {
            "children": "Loading",
            "className": "credit-report__loading-spinner",
          },
          "ref": null,
          "rendered": "Loading",
          "type": "div",
        },
        "type": "div",
      },
    ],
    Symbol(enzyme.__options__): Object {
      "adapter": ReactSixteenAdapter {
        "options": Object {
          "enableComponentDidUpdateOnSetState": true,
        },
      },
    },
  },
  Symbol(enzyme.__unrendered__): null,
  Symbol(enzyme.__renderer__): Object {
    "batchedUpdates": [Function],
    "getNode": [Function],
    "render": [Function],
    "simulateEvent": [Function],
    "unmount": [Function],
  },
  Symbol(enzyme.__node__): Object {
    "instance": null,
    "key": undefined,
    "nodeType": "host",
    "props": Object {
      "children": <div
        className="credit-report__loading-spinner"
      >
        Loading
      </div>,
      "className": "credit-report",
    },
    "ref": null,
    "rendered": Object {
      "instance": null,
      "key": undefined,
      "nodeType": "host",
      "props": Object {
        "children": "Loading",
        "className": "credit-report__loading-spinner",
      },
      "ref": null,
      "rendered": "Loading",
      "type": "div",
    },
    "type": "div",
  },
  Symbol(enzyme.__nodes__): Array [
    Object {
      "instance": null,
      "key": undefined,
      "nodeType": "host",
      "props": Object {
        "children": <div
          className="credit-report__loading-spinner"
        >
          Loading
        </div>,
        "className": "credit-report",
      },
      "ref": null,
      "rendered": Object {
        "instance": null,
        "key": undefined,
        "nodeType": "host",
        "props": Object {
          "children": "Loading",
          "className": "credit-report__loading-spinner",
        },
        "ref": null,
        "rendered": "Loading",
        "type": "div",
      },
      "type": "div",
    },
  ],
  Symbol(enzyme.__options__): Object {
    "adapter": ReactSixteenAdapter {
      "options": Object {
        "enableComponentDidUpdateOnSetState": true,
      },
    },
  },
}
`;
