// Jest Snapshot v1, https://goo.gl/fbAQLP

exports[`CreditRating component should render 1`] = `
ShallowWrapper {
  "length": 1,
  Symbol(enzyme.__root__): ShallowWrapper {
    "length": 1,
    Symbol(enzyme.__root__): [Circular],
    Symbol(enzyme.__unrendered__): <CreditRating
      data={
        Object {
          "maxScoreValue": 700,
          "minScoreValue": 0,
          "score": 450,
        }
      }
    />,
    Symbol(enzyme.__renderer__): Object {
      "batchedUpdates": [Function],
      "getNode": [Function],
      "render": [Function],
      "simulateEvent": [Function],
      "unmount": [Function],
    },
    Symbol(enzyme.__node__): Object {
      "instance": null,
      "key": undefined,
      "nodeType": "host",
      "props": Object {
        "children": Array [
          <div
            className="credit-rating__chart"
          >
            <RadialChart
              maxValue={700}
              minValue={0}
              value={450}
            />
          </div>,
          <div
            className="credit-rating__info"
          >
            <span>
              Your credit rating is
            </span>
            <span
              className="strong"
            >
              450
            </span>
            <span>
              out of 700
            </span>
          </div>,
        ],
        "className": "credit-rating",
      },
      "ref": null,
      "rendered": Array [
        Object {
          "instance": null,
          "key": undefined,
          "nodeType": "host",
          "props": Object {
            "children": <RadialChart
              maxValue={700}
              minValue={0}
              value={450}
            />,
            "className": "credit-rating__chart",
          },
          "ref": null,
          "rendered": Object {
            "instance": null,
            "key": undefined,
            "nodeType": "function",
            "props": Object {
              "children": null,
              "maxValue": 700,
              "minValue": 0,
              "value": 450,
            },
            "ref": null,
            "rendered": null,
            "type": [Function],
          },
          "type": "div",
        },
        Object {
          "instance": null,
          "key": undefined,
          "nodeType": "host",
          "props": Object {
            "children": Array [
              <span>
                Your credit rating is
              </span>,
              <span
                className="strong"
              >
                450
              </span>,
              <span>
                out of 700
              </span>,
            ],
            "className": "credit-rating__info",
          },
          "ref": null,
          "rendered": Array [
            Object {
              "instance": null,
              "key": undefined,
              "nodeType": "host",
              "props": Object {
                "children": "Your credit rating is",
              },
              "ref": null,
              "rendered": "Your credit rating is",
              "type": "span",
            },
            Object {
              "instance": null,
              "key": undefined,
              "nodeType": "host",
              "props": Object {
                "children": 450,
                "className": "strong",
              },
              "ref": null,
              "rendered": 450,
              "type": "span",
            },
            Object {
              "instance": null,
              "key": undefined,
              "nodeType": "host",
              "props": Object {
                "children": "out of 700",
              },
              "ref": null,
              "rendered": "out of 700",
              "type": "span",
            },
          ],
          "type": "div",
        },
      ],
      "type": "div",
    },
    Symbol(enzyme.__nodes__): Array [
      Object {
        "instance": null,
        "key": undefined,
        "nodeType": "host",
        "props": Object {
          "children": Array [
            <div
              className="credit-rating__chart"
            >
              <RadialChart
                maxValue={700}
                minValue={0}
                value={450}
              />
            </div>,
            <div
              className="credit-rating__info"
            >
              <span>
                Your credit rating is
              </span>
              <span
                className="strong"
              >
                450
              </span>
              <span>
                out of 700
              </span>
            </div>,
          ],
          "className": "credit-rating",
        },
        "ref": null,
        "rendered": Array [
          Object {
            "instance": null,
            "key": undefined,
            "nodeType": "host",
            "props": Object {
              "children": <RadialChart
                maxValue={700}
                minValue={0}
                value={450}
              />,
              "className": "credit-rating__chart",
            },
            "ref": null,
            "rendered": Object {
              "instance": null,
              "key": undefined,
              "nodeType": "function",
              "props": Object {
                "children": null,
                "maxValue": 700,
                "minValue": 0,
                "value": 450,
              },
              "ref": null,
              "rendered": null,
              "type": [Function],
            },
            "type": "div",
          },
          Object {
            "instance": null,
            "key": undefined,
            "nodeType": "host",
            "props": Object {
              "children": Array [
                <span>
                  Your credit rating is
                </span>,
                <span
                  className="strong"
                >
                  450
                </span>,
                <span>
                  out of 700
                </span>,
              ],
              "className": "credit-rating__info",
            },
            "ref": null,
            "rendered": Array [
              Object {
                "instance": null,
                "key": undefined,
                "nodeType": "host",
                "props": Object {
                  "children": "Your credit rating is",
                },
                "ref": null,
                "rendered": "Your credit rating is",
                "type": "span",
              },
              Object {
                "instance": null,
                "key": undefined,
                "nodeType": "host",
                "props": Object {
                  "children": 450,
                  "className": "strong",
                },
                "ref": null,
                "rendered": 450,
                "type": "span",
              },
              Object {
                "instance": null,
                "key": undefined,
                "nodeType": "host",
                "props": Object {
                  "children": "out of 700",
                },
                "ref": null,
                "rendered": "out of 700",
                "type": "span",
              },
            ],
            "type": "div",
          },
        ],
        "type": "div",
      },
    ],
    Symbol(enzyme.__options__): Object {
      "adapter": ReactSixteenAdapter {
        "options": Object {
          "enableComponentDidUpdateOnSetState": true,
        },
      },
    },
  },
  Symbol(enzyme.__unrendered__): null,
  Symbol(enzyme.__renderer__): Object {
    "batchedUpdates": [Function],
    "getNode": [Function],
    "render": [Function],
    "simulateEvent": [Function],
    "unmount": [Function],
  },
  Symbol(enzyme.__node__): Object {
    "instance": null,
    "key": undefined,
    "nodeType": "host",
    "props": Object {
      "children": Array [
        <div
          className="credit-rating__chart"
        >
          <RadialChart
            maxValue={700}
            minValue={0}
            value={450}
          />
        </div>,
        <div
          className="credit-rating__info"
        >
          <span>
            Your credit rating is
          </span>
          <span
            className="strong"
          >
            450
          </span>
          <span>
            out of 700
          </span>
        </div>,
      ],
      "className": "credit-rating",
    },
    "ref": null,
    "rendered": Array [
      Object {
        "instance": null,
        "key": undefined,
        "nodeType": "host",
        "props": Object {
          "children": <RadialChart
            maxValue={700}
            minValue={0}
            value={450}
          />,
          "className": "credit-rating__chart",
        },
        "ref": null,
        "rendered": Object {
          "instance": null,
          "key": undefined,
          "nodeType": "function",
          "props": Object {
            "children": null,
            "maxValue": 700,
            "minValue": 0,
            "value": 450,
          },
          "ref": null,
          "rendered": null,
          "type": [Function],
        },
        "type": "div",
      },
      Object {
        "instance": null,
        "key": undefined,
        "nodeType": "host",
        "props": Object {
          "children": Array [
            <span>
              Your credit rating is
            </span>,
            <span
              className="strong"
            >
              450
            </span>,
            <span>
              out of 700
            </span>,
          ],
          "className": "credit-rating__info",
        },
        "ref": null,
        "rendered": Array [
          Object {
            "instance": null,
            "key": undefined,
            "nodeType": "host",
            "props": Object {
              "children": "Your credit rating is",
            },
            "ref": null,
            "rendered": "Your credit rating is",
            "type": "span",
          },
          Object {
            "instance": null,
            "key": undefined,
            "nodeType": "host",
            "props": Object {
              "children": 450,
              "className": "strong",
            },
            "ref": null,
            "rendered": 450,
            "type": "span",
          },
          Object {
            "instance": null,
            "key": undefined,
            "nodeType": "host",
            "props": Object {
              "children": "out of 700",
            },
            "ref": null,
            "rendered": "out of 700",
            "type": "span",
          },
        ],
        "type": "div",
      },
    ],
    "type": "div",
  },
  Symbol(enzyme.__nodes__): Array [
    Object {
      "instance": null,
      "key": undefined,
      "nodeType": "host",
      "props": Object {
        "children": Array [
          <div
            className="credit-rating__chart"
          >
            <RadialChart
              maxValue={700}
              minValue={0}
              value={450}
            />
          </div>,
          <div
            className="credit-rating__info"
          >
            <span>
              Your credit rating is
            </span>
            <span
              className="strong"
            >
              450
            </span>
            <span>
              out of 700
            </span>
          </div>,
        ],
        "className": "credit-rating",
      },
      "ref": null,
      "rendered": Array [
        Object {
          "instance": null,
          "key": undefined,
          "nodeType": "host",
          "props": Object {
            "children": <RadialChart
              maxValue={700}
              minValue={0}
              value={450}
            />,
            "className": "credit-rating__chart",
          },
          "ref": null,
          "rendered": Object {
            "instance": null,
            "key": undefined,
            "nodeType": "function",
            "props": Object {
              "children": null,
              "maxValue": 700,
              "minValue": 0,
              "value": 450,
            },
            "ref": null,
            "rendered": null,
            "type": [Function],
          },
          "type": "div",
        },
        Object {
          "instance": null,
          "key": undefined,
          "nodeType": "host",
          "props": Object {
            "children": Array [
              <span>
                Your credit rating is
              </span>,
              <span
                className="strong"
              >
                450
              </span>,
              <span>
                out of 700
              </span>,
            ],
            "className": "credit-rating__info",
          },
          "ref": null,
          "rendered": Array [
            Object {
              "instance": null,
              "key": undefined,
              "nodeType": "host",
              "props": Object {
                "children": "Your credit rating is",
              },
              "ref": null,
              "rendered": "Your credit rating is",
              "type": "span",
            },
            Object {
              "instance": null,
              "key": undefined,
              "nodeType": "host",
              "props": Object {
                "children": 450,
                "className": "strong",
              },
              "ref": null,
              "rendered": 450,
              "type": "span",
            },
            Object {
              "instance": null,
              "key": undefined,
              "nodeType": "host",
              "props": Object {
                "children": "out of 700",
              },
              "ref": null,
              "rendered": "out of 700",
              "type": "span",
            },
          ],
          "type": "div",
        },
      ],
      "type": "div",
    },
  ],
  Symbol(enzyme.__options__): Object {
    "adapter": ReactSixteenAdapter {
      "options": Object {
        "enableComponentDidUpdateOnSetState": true,
      },
    },
  },
}
`;
