// Jest Snapshot v1, https://goo.gl/fbAQLP

exports[`RadialChart component should render 1`] = `
ShallowWrapper {
  "length": 1,
  Symbol(enzyme.__root__): ShallowWrapper {
    "length": 1,
    Symbol(enzyme.__root__): [Circular],
    Symbol(enzyme.__unrendered__): <RadialChart />,
    Symbol(enzyme.__renderer__): Object {
      "batchedUpdates": [Function],
      "getNode": [Function],
      "render": [Function],
      "simulateEvent": [Function],
      "unmount": [Function],
    },
    Symbol(enzyme.__node__): Object {
      "instance": null,
      "key": undefined,
      "nodeType": "host",
      "props": Object {
        "children": <styled.svg
          height={320}
          viewBox="0 0 320 320"
          width={320}
        >
          <circle
            cx={160}
            cy={160}
            fill="none"
            r={156}
            strokeWidth={8}
          />
        </styled.svg>,
        "className": "radial-chart",
      },
      "ref": null,
      "rendered": Object {
        "instance": null,
        "key": undefined,
        "nodeType": "class",
        "props": Object {
          "children": <circle
            cx={160}
            cy={160}
            fill="none"
            r={156}
            strokeWidth={8}
          />,
          "height": 320,
          "viewBox": "0 0 320 320",
          "width": 320,
        },
        "ref": null,
        "rendered": Object {
          "instance": null,
          "key": undefined,
          "nodeType": "host",
          "props": Object {
            "cx": 160,
            "cy": 160,
            "fill": "none",
            "r": 156,
            "strokeWidth": 8,
          },
          "ref": null,
          "rendered": null,
          "type": "circle",
        },
        "type": [Function],
      },
      "type": "div",
    },
    Symbol(enzyme.__nodes__): Array [
      Object {
        "instance": null,
        "key": undefined,
        "nodeType": "host",
        "props": Object {
          "children": <styled.svg
            height={320}
            viewBox="0 0 320 320"
            width={320}
          >
            <circle
              cx={160}
              cy={160}
              fill="none"
              r={156}
              strokeWidth={8}
            />
          </styled.svg>,
          "className": "radial-chart",
        },
        "ref": null,
        "rendered": Object {
          "instance": null,
          "key": undefined,
          "nodeType": "class",
          "props": Object {
            "children": <circle
              cx={160}
              cy={160}
              fill="none"
              r={156}
              strokeWidth={8}
            />,
            "height": 320,
            "viewBox": "0 0 320 320",
            "width": 320,
          },
          "ref": null,
          "rendered": Object {
            "instance": null,
            "key": undefined,
            "nodeType": "host",
            "props": Object {
              "cx": 160,
              "cy": 160,
              "fill": "none",
              "r": 156,
              "strokeWidth": 8,
            },
            "ref": null,
            "rendered": null,
            "type": "circle",
          },
          "type": [Function],
        },
        "type": "div",
      },
    ],
    Symbol(enzyme.__options__): Object {
      "adapter": ReactSixteenAdapter {
        "options": Object {
          "enableComponentDidUpdateOnSetState": true,
        },
      },
    },
  },
  Symbol(enzyme.__unrendered__): null,
  Symbol(enzyme.__renderer__): Object {
    "batchedUpdates": [Function],
    "getNode": [Function],
    "render": [Function],
    "simulateEvent": [Function],
    "unmount": [Function],
  },
  Symbol(enzyme.__node__): Object {
    "instance": null,
    "key": undefined,
    "nodeType": "host",
    "props": Object {
      "children": <styled.svg
        height={320}
        viewBox="0 0 320 320"
        width={320}
      >
        <circle
          cx={160}
          cy={160}
          fill="none"
          r={156}
          strokeWidth={8}
        />
      </styled.svg>,
      "className": "radial-chart",
    },
    "ref": null,
    "rendered": Object {
      "instance": null,
      "key": undefined,
      "nodeType": "class",
      "props": Object {
        "children": <circle
          cx={160}
          cy={160}
          fill="none"
          r={156}
          strokeWidth={8}
        />,
        "height": 320,
        "viewBox": "0 0 320 320",
        "width": 320,
      },
      "ref": null,
      "rendered": Object {
        "instance": null,
        "key": undefined,
        "nodeType": "host",
        "props": Object {
          "cx": 160,
          "cy": 160,
          "fill": "none",
          "r": 156,
          "strokeWidth": 8,
        },
        "ref": null,
        "rendered": null,
        "type": "circle",
      },
      "type": [Function],
    },
    "type": "div",
  },
  Symbol(enzyme.__nodes__): Array [
    Object {
      "instance": null,
      "key": undefined,
      "nodeType": "host",
      "props": Object {
        "children": <styled.svg
          height={320}
          viewBox="0 0 320 320"
          width={320}
        >
          <circle
            cx={160}
            cy={160}
            fill="none"
            r={156}
            strokeWidth={8}
          />
        </styled.svg>,
        "className": "radial-chart",
      },
      "ref": null,
      "rendered": Object {
        "instance": null,
        "key": undefined,
        "nodeType": "class",
        "props": Object {
          "children": <circle
            cx={160}
            cy={160}
            fill="none"
            r={156}
            strokeWidth={8}
          />,
          "height": 320,
          "viewBox": "0 0 320 320",
          "width": 320,
        },
        "ref": null,
        "rendered": Object {
          "instance": null,
          "key": undefined,
          "nodeType": "host",
          "props": Object {
            "cx": 160,
            "cy": 160,
            "fill": "none",
            "r": 156,
            "strokeWidth": 8,
          },
          "ref": null,
          "rendered": null,
          "type": "circle",
        },
        "type": [Function],
      },
      "type": "div",
    },
  ],
  Symbol(enzyme.__options__): Object {
    "adapter": ReactSixteenAdapter {
      "options": Object {
        "enableComponentDidUpdateOnSetState": true,
      },
    },
  },
}
`;
