// Jest Snapshot v1, https://goo.gl/fbAQLP

exports[`CreditRating component should render 1`] = `
ShallowWrapper {
  "length": 1,
  Symbol(enzyme.__root__): ShallowWrapper {
    "length": 1,
    Symbol(enzyme.__root__): [Circular],
    Symbol(enzyme.__unrendered__): <LongTermDebt
      data={
        Object {
          "currentLongTermDebt": 253400,
        }
      }
    />,
    Symbol(enzyme.__renderer__): Object {
      "batchedUpdates": [Function],
      "getNode": [Function],
      "render": [Function],
      "simulateEvent": [Function],
      "unmount": [Function],
    },
    Symbol(enzyme.__node__): Object {
      "instance": null,
      "key": undefined,
      "nodeType": "host",
      "props": Object {
        "children": <div
          className="long-term-debt__info"
        >
          <span>
            Your long term debt total
          </span>
          <span
            className="strong"
          >
            £253,400.00
          </span>
          <span>
            Total credit limit 0
          </span>
        </div>,
        "className": "long-term-debt",
      },
      "ref": null,
      "rendered": Object {
        "instance": null,
        "key": undefined,
        "nodeType": "host",
        "props": Object {
          "children": Array [
            <span>
              Your long term debt total
            </span>,
            <span
              className="strong"
            >
              £253,400.00
            </span>,
            <span>
              Total credit limit 0
            </span>,
          ],
          "className": "long-term-debt__info",
        },
        "ref": null,
        "rendered": Array [
          Object {
            "instance": null,
            "key": undefined,
            "nodeType": "host",
            "props": Object {
              "children": "Your long term debt total",
            },
            "ref": null,
            "rendered": "Your long term debt total",
            "type": "span",
          },
          Object {
            "instance": null,
            "key": undefined,
            "nodeType": "host",
            "props": Object {
              "children": "£253,400.00",
              "className": "strong",
            },
            "ref": null,
            "rendered": "£253,400.00",
            "type": "span",
          },
          Object {
            "instance": null,
            "key": undefined,
            "nodeType": "host",
            "props": Object {
              "children": "Total credit limit 0",
            },
            "ref": null,
            "rendered": "Total credit limit 0",
            "type": "span",
          },
        ],
        "type": "div",
      },
      "type": "div",
    },
    Symbol(enzyme.__nodes__): Array [
      Object {
        "instance": null,
        "key": undefined,
        "nodeType": "host",
        "props": Object {
          "children": <div
            className="long-term-debt__info"
          >
            <span>
              Your long term debt total
            </span>
            <span
              className="strong"
            >
              £253,400.00
            </span>
            <span>
              Total credit limit 0
            </span>
          </div>,
          "className": "long-term-debt",
        },
        "ref": null,
        "rendered": Object {
          "instance": null,
          "key": undefined,
          "nodeType": "host",
          "props": Object {
            "children": Array [
              <span>
                Your long term debt total
              </span>,
              <span
                className="strong"
              >
                £253,400.00
              </span>,
              <span>
                Total credit limit 0
              </span>,
            ],
            "className": "long-term-debt__info",
          },
          "ref": null,
          "rendered": Array [
            Object {
              "instance": null,
              "key": undefined,
              "nodeType": "host",
              "props": Object {
                "children": "Your long term debt total",
              },
              "ref": null,
              "rendered": "Your long term debt total",
              "type": "span",
            },
            Object {
              "instance": null,
              "key": undefined,
              "nodeType": "host",
              "props": Object {
                "children": "£253,400.00",
                "className": "strong",
              },
              "ref": null,
              "rendered": "£253,400.00",
              "type": "span",
            },
            Object {
              "instance": null,
              "key": undefined,
              "nodeType": "host",
              "props": Object {
                "children": "Total credit limit 0",
              },
              "ref": null,
              "rendered": "Total credit limit 0",
              "type": "span",
            },
          ],
          "type": "div",
        },
        "type": "div",
      },
    ],
    Symbol(enzyme.__options__): Object {
      "adapter": ReactSixteenAdapter {
        "options": Object {
          "enableComponentDidUpdateOnSetState": true,
        },
      },
    },
  },
  Symbol(enzyme.__unrendered__): null,
  Symbol(enzyme.__renderer__): Object {
    "batchedUpdates": [Function],
    "getNode": [Function],
    "render": [Function],
    "simulateEvent": [Function],
    "unmount": [Function],
  },
  Symbol(enzyme.__node__): Object {
    "instance": null,
    "key": undefined,
    "nodeType": "host",
    "props": Object {
      "children": <div
        className="long-term-debt__info"
      >
        <span>
          Your long term debt total
        </span>
        <span
          className="strong"
        >
          £253,400.00
        </span>
        <span>
          Total credit limit 0
        </span>
      </div>,
      "className": "long-term-debt",
    },
    "ref": null,
    "rendered": Object {
      "instance": null,
      "key": undefined,
      "nodeType": "host",
      "props": Object {
        "children": Array [
          <span>
            Your long term debt total
          </span>,
          <span
            className="strong"
          >
            £253,400.00
          </span>,
          <span>
            Total credit limit 0
          </span>,
        ],
        "className": "long-term-debt__info",
      },
      "ref": null,
      "rendered": Array [
        Object {
          "instance": null,
          "key": undefined,
          "nodeType": "host",
          "props": Object {
            "children": "Your long term debt total",
          },
          "ref": null,
          "rendered": "Your long term debt total",
          "type": "span",
        },
        Object {
          "instance": null,
          "key": undefined,
          "nodeType": "host",
          "props": Object {
            "children": "£253,400.00",
            "className": "strong",
          },
          "ref": null,
          "rendered": "£253,400.00",
          "type": "span",
        },
        Object {
          "instance": null,
          "key": undefined,
          "nodeType": "host",
          "props": Object {
            "children": "Total credit limit 0",
          },
          "ref": null,
          "rendered": "Total credit limit 0",
          "type": "span",
        },
      ],
      "type": "div",
    },
    "type": "div",
  },
  Symbol(enzyme.__nodes__): Array [
    Object {
      "instance": null,
      "key": undefined,
      "nodeType": "host",
      "props": Object {
        "children": <div
          className="long-term-debt__info"
        >
          <span>
            Your long term debt total
          </span>
          <span
            className="strong"
          >
            £253,400.00
          </span>
          <span>
            Total credit limit 0
          </span>
        </div>,
        "className": "long-term-debt",
      },
      "ref": null,
      "rendered": Object {
        "instance": null,
        "key": undefined,
        "nodeType": "host",
        "props": Object {
          "children": Array [
            <span>
              Your long term debt total
            </span>,
            <span
              className="strong"
            >
              £253,400.00
            </span>,
            <span>
              Total credit limit 0
            </span>,
          ],
          "className": "long-term-debt__info",
        },
        "ref": null,
        "rendered": Array [
          Object {
            "instance": null,
            "key": undefined,
            "nodeType": "host",
            "props": Object {
              "children": "Your long term debt total",
            },
            "ref": null,
            "rendered": "Your long term debt total",
            "type": "span",
          },
          Object {
            "instance": null,
            "key": undefined,
            "nodeType": "host",
            "props": Object {
              "children": "£253,400.00",
              "className": "strong",
            },
            "ref": null,
            "rendered": "£253,400.00",
            "type": "span",
          },
          Object {
            "instance": null,
            "key": undefined,
            "nodeType": "host",
            "props": Object {
              "children": "Total credit limit 0",
            },
            "ref": null,
            "rendered": "Total credit limit 0",
            "type": "span",
          },
        ],
        "type": "div",
      },
      "type": "div",
    },
  ],
  Symbol(enzyme.__options__): Object {
    "adapter": ReactSixteenAdapter {
      "options": Object {
        "enableComponentDidUpdateOnSetState": true,
      },
    },
  },
}
`;
